[0m[1mmodule.service.data.aws_vpc.default: Reading...[0m[0m
[0m[1mmodule.data.aws_secretsmanager_secret.db: Refreshing state... [id=arn:aws:secretsmanager:us-east-1:000000000000:secret:regional-health/hunter/db-kbJzuV][0m
[0m[1mmodule.data.aws_secretsmanager_secret_version.db: Refreshing state... [id=arn:aws:secretsmanager:us-east-1:000000000000:secret:regional-health/hunter/db-kbJzuV|terraform-KQ6VTUNjHbhznQHdMqzo7ryIwA][0m
[0m[1mmodule.service.data.aws_vpc.default: Read complete after 0s [id=vpc-3d3e2af7b22878da0][0m
[0m[1mmodule.service.data.aws_subnets.default: Reading...[0m[0m
[0m[1mmodule.service.aws_security_group.app: Refreshing state... [id=sg-d85f542638f0784c5][0m
[0m[1mmodule.service.data.aws_subnets.default: Read complete after 0s [id=us-east-1][0m
[0m[1mmodule.service.aws_instance.app: Refreshing state... [id=i-86dfc659e0a2c591f][0m

[0m[1m[32mNo changes.[0m[1m Your infrastructure matches the configuration.[0m

[0mTerraform has compared your real infrastructure against your configuration
and found no differences, so no changes are needed.
[0m[1m[32m
Apply complete! Resources: 0 added, 0 changed, 0 destroyed.
[0m[0m[1m[32m
Outputs:

[0mapp_url = "http://172.31.0.4"
db_endpoint = "rh-hunter-rh-hunter.g.aivencloud.com"
db_port = 26909
instance_id = "i-86dfc659e0a2c591f"
secret_arn = "arn:aws:secretsmanager:us-east-1:000000000000:secret:regional-health/hunter/db-kbJzuV"
security_group_id = "sg-d85f542638f0784c5"
